// Jest Snapshot v1, https://goo.gl/fbAQLP

exports[`Test App component should render correctly 1`] = `
.c0 {
  background-color: #282c34;
  min-height: 100vh;
  display: -webkit-box;
  display: -webkit-flex;
  display: -ms-flexbox;
  display: flex;
  -webkit-flex-direction: column;
  -ms-flex-direction: column;
  flex-direction: column;
  -webkit-align-items: center;
  -webkit-box-align: center;
  -ms-flex-align: center;
  align-items: center;
  -webkit-box-pack: center;
  -webkit-justify-content: center;
  -ms-flex-pack: center;
  justify-content: center;
  font-size: calc(10px + 2vmin);
  color: white;
}

.c1 {
  height: 15vmin;
}

<div
  class="c0"
>
  <img
    alt="logo"
    class="c1 App-logo"
    src="https://basiq.io/a0a4ce023263c9b295846d60914ed319.svg"
  />
  <p>
    Mock Create User
  </p>
</div>
`;
